node.exe : (node:7688) 
ExperimentalWarning: VM 
Modules is an 
experimental feature 
and might change at any 
time
En línea: 1 Carácter: 1
+ & "C:\nvm4w\nodejs/nod
e.exe" "C:\Users\usuario
\AppData\Roaming\npm/no 
...
+ ~~~~~~~~~~~~~~~~~~~~~~
~~~~~~~~~~~~~~~~~~~~~~~~
~~~~~~~~~~~~~~~~~~~~~~~
    + CategoryInfo      
        : NotSpecified  
  : ((node:7688) Exp.   
 ..nge at any time:S    
tring) [], RemoteEx    
ception
    + FullyQualifiedErr 
   orId : NativeComman  
  dError
 
(Use `node 
--trace-warnings ...` 
to show where the 
warning was created)
FAIL src/__tests__/auth.
test.js
  ÔùÅ Console

    console.log
      [AUTH] Token 
verified. Payload: { 
userId: 'u1', username: 
'test', iat: 
1773299795, exp: 
1773386195 }

      at src/middleware/
auth.middleware.js:25:17

    console.log
      [AUTH] Token 
verified. Payload: { 
userId: 'u2', username: 
'admin', iat: 
1773299795, exp: 
1773386195 }

      at src/middleware/
auth.middleware.js:25:17

  ÔùÅ Auth Middleware 
ÔÇ║ generateToken ÔÇ║ 
should generate a valid 
JWT

    JsonWebTokenError: 
invalid signature

    [0m [90m 15 
|[39m             
expect([36mtypeof[39m 
token)[33m.[39mtoBe([
32m'string'[39m)[33m;
[39m
     [90m 16 |[39m
    [31m[1m>[22m[39m
[90m 17 |[39m         
    [36mconst[39m 
decoded [33m=[39m jwt
[33m.[39mverify(token[
33m,[39m [32m'test_sec
ret_key_for_testing'[39
m)[33m;[39m
     [90m    |[39m    
                        
     
[31m[1m^[22m[39m
     [90m 18 |[39m    
         expect(decoded
[33m.[39muserId)[33m.
[39mtoBe([32m'user1'[3
9m)[33m;[39m
     [90m 19 |[39m    
         expect(decoded
[33m.[39musername)[33m
.[39mtoBe([32m'admin'
[39m)[33m;[39m
     [90m 20 |[39m    
         expect(decoded
[33m.[39mrole)[33m.[3
9mtoBe([32m'admin'[39m
)[33m;[39m[0m

      at node_modules/js
onwebtoken/verify.js:171
:19
      at getSecret (node
_modules/jsonwebtoken/ve
rify.js:97:14)
      at Object.<anonymo
us>.module.exports [as 
verify] (node_modules/js
onwebtoken/verify.js:101
:10)
      at 
Object.<anonymous> (src/
__tests__/auth.test.js:1
7:33)

  ÔùÅ Auth Middleware 
ÔÇ║ verifyToken 
middleware ÔÇ║ should 
return 403 when no 
token is provided

    ReferenceError: 
jest is not defined

    [0m [90m 75 
|[39m             
[36mconst[39m { 
req[33m,[39m res } 
[33m=[39m createMockRe
qRes([36mnull[39m[33m
,[39m [32m'none'[39m)
[33m;[39m
     [90m 76 |[39m
    [31m[1m>[22m[39m
[90m 77 |[39m         
    [36mconst[39m 
next [33m=[39m jest[3
3m.[39mfn()[33m;[39m
     [90m    |[39m    
                      
[31m[1m^[22m[39m
     [90m 78 |[39m    
         verifyToken(req
[33m,[39m 
res[33m,[39m 
next)[33m;[39m
     [90m 79 |[39m
     [90m 80 |[39m    
         expect(res[33m
.[39mstatusCode)[33m.
[39mtoBe([35m403[39m)
[33m;[39m[0m

      at 
Object.<anonymous> (src/
__tests__/auth.test.js:7
7:26)

  ÔùÅ Auth Middleware 
ÔÇ║ verifyToken 
middleware ÔÇ║ should 
return 401 when token 
is invalid

    ReferenceError: 
jest is not defined

    [0m [90m 86 
|[39m             
[36mconst[39m { 
req[33m,[39m res } 
[33m=[39m createMockRe
qRes([32m'invalid.token
.here'[39m[33m,[39m 
[32m'cookie'[39m)[33m;
[39m
     [90m 87 |[39m
    [31m[1m>[22m[39m
[90m 88 |[39m         
    [36mconst[39m 
next [33m=[39m jest[3
3m.[39mfn()[33m;[39m
     [90m    |[39m    
                      
[31m[1m^[22m[39m
     [90m 89 |[39m    
         verifyToken(req
[33m,[39m 
res[33m,[39m 
next)[33m;[39m
     [90m 90 |[39m
     [90m 91 |[39m    
         [90m// 
jwt.verify is async 
with callback, so need 
to wait a tick[39m[0m

      at 
Object.<anonymous> (src/
__tests__/auth.test.js:8
8:26)

  ÔùÅ Auth Middleware 
ÔÇ║ verifyToken 
middleware ÔÇ║ should 
return 401 when token 
is expired

    ReferenceError: 
jest is not defined

    [0m [90m 105 
|[39m             
[36mconst[39m { 
req[33m,[39m res } 
[33m=[39m createMockRe
qRes(expiredToken[33m,
[39m [32m'cookie'[39m)
[33m;[39m
     [90m 106 |[39m
    [31m[1m>[22m[39m
[90m 107 |[39m        
     [36mconst[39m 
next [33m=[39m jest[3
3m.[39mfn()[33m;[39m
     [90m     |[39m   
                       
[31m[1m^[22m[39m
     [90m 108 |[39m   
          verifyToken(re
q[33m,[39m 
res[33m,[39m 
next)[33m;[39m
     [90m 109 |[39m
     [90m 110 |[39m   
          setTimeout(() 
[33m=>[39m {[0m

      at 
Object.<anonymous> (src/
__tests__/auth.test.js:1
07:26)

(node:7688) [MONGOOSE] 
Warning: Duplicate 
schema index on 
{"sessionId":1} found. 
This is often due to 
declaring an index 
using both "index: 
true" and 
"schema.index()". 
Please remove the 
duplicate index 
definition.
(node:7688) [MONGOOSE] 
Warning: Duplicate 
schema index on 
{"available":1} found. 
This is often due to 
declaring an index 
using both "index: 
true" and 
"schema.index()". 
Please remove the 
duplicate index 
definition.
(node:7688) [MONGOOSE] 
Warning: Duplicate 
schema index on 
{"order":1} found. This 
is often due to 
declaring an index 
using both "index: 
true" and 
"schema.index()". 
Please remove the 
duplicate index 
definition.
PASS src/__tests__/order
s.routes.test.js
  ÔùÅ Console

    console.info
      ƒîÉ i18next is 
maintained with support 
from Locize ÔÇö 
consider powering your 
project with managed 
localization (AI, CDN, 
integrations): 
https://locize.com ƒÆÖ

      at I18n.init (node
_modules/i18next/dist/es
m/i18next.js:1770:90)

    console.log
      [AUTH] Token 
verified. Payload: {
        userId: '69b2685
69aeaa0a73f2fa930',
        username: 
'orderadmin',
        role: 'admin',
        iat: 1773299798,
        exp: 1773386198
      }

      at src/middleware/
auth.middleware.js:25:17

    console.log
      [AUTH] No token 
found in cookies or 
headers

      at verifyToken (sr
c/middleware/auth.middle
ware.js:15:17)

    console.log
      [AUTH] Token 
verified. Payload: {
        userId: '69b2685
69aeaa0a73f2fa930',
        username: 
'orderadmin',
        role: 'admin',
        iat: 1773299798,
        exp: 1773386198
      }

      at src/middleware/
auth.middleware.js:25:17

    console.log
      [AUTH] Token 
verified. Payload: {
        userId: '69b2685
69aeaa0a73f2fa930',
        username: 
'orderadmin',
        role: 'admin',
        iat: 1773299798,
        exp: 1773386198
      }

      at src/middleware/
auth.middleware.js:25:17

    console.log
      [AUTH] Token 
verified. Payload: {
        userId: '69b2685
69aeaa0a73f2fa930',
        username: 
'orderadmin',
        role: 'admin',
        iat: 1773299798,
        exp: 1773386198
      }

      at src/middleware/
auth.middleware.js:25:17

    console.log
      [AUTH] Token 
verified. Payload: {
        userId: '69b2685
69aeaa0a73f2fa930',
        username: 
'orderadmin',
        role: 'admin',
        iat: 1773299798,
        exp: 1773386198
      }

      at src/middleware/
auth.middleware.js:25:17

    console.log
      [AUTH] Token 
verified. Payload: {
        userId: '69b2685
69aeaa0a73f2fa930',
        username: 
'orderadmin',
        role: 'admin',
        iat: 1773299798,
        exp: 1773386198
      }

      at src/middleware/
auth.middleware.js:25:17

    console.log
      [AUTH] Token 
verified. Payload: {
        userId: '69b2685
69aeaa0a73f2fa930',
        username: 
'orderadmin',
        role: 'admin',
        iat: 1773299798,
        exp: 1773386198
      }

      at src/middleware/
auth.middleware.js:25:17

    console.log
      [AUTH] Token 
verified. Payload: {
        userId: '69b2685
69aeaa0a73f2fa930',
        username: 
'orderadmin',
        role: 'admin',
        iat: 1773299798,
        exp: 1773386198
      }

      at src/middleware/
auth.middleware.js:25:17

    console.log
      [AUTH] Token 
verified. Payload: {
        userId: '69b2685
69aeaa0a73f2fa930',
        username: 
'orderadmin',
        role: 'admin',
        iat: 1773299798,
        exp: 1773386198
      }

      at src/middleware/
auth.middleware.js:25:17

    console.log
      [AUTH] Token 
verified. Payload: {
        userId: '69b2685
69aeaa0a73f2fa930',
        username: 
'orderadmin',
        role: 'admin',
        iat: 1773299798,
        exp: 1773386198
      }

      at src/middleware/
auth.middleware.js:25:17

    console.log
      [AUTH] Token 
verified. Payload: {
        userId: '69b2685
69aeaa0a73f2fa930',
        username: 
'orderadmin',
        role: 'admin',
        iat: 1773299798,
        exp: 1773386198
      }

      at src/middleware/
auth.middleware.js:25:17

    console.log
      [AUTH] Token 
verified. Payload: {
        userId: '69b2685
69aeaa0a73f2fa930',
        username: 
'orderadmin',
        role: 'admin',
        iat: 1773299798,
        exp: 1773386198
      }

      at src/middleware/
auth.middleware.js:25:17

    console.log
      [AUTH] Token 
verified. Payload: {
        userId: '69b2685
69aeaa0a73f2fa930',
        username: 
'orderadmin',
        role: 'admin',
        iat: 1773299798,
        exp: 1773386198
      }

      at src/middleware/
auth.middleware.js:25:17

(node:7688) [MONGOOSE] 
Warning: Duplicate 
schema index on 
{"sessionId":1} found. 
This is often due to 
declaring an index 
using both "index: 
true" and 
"schema.index()". 
Please remove the 
duplicate index 
definition.
(node:7688) [MONGOOSE] 
Warning: Duplicate 
schema index on 
{"available":1} found. 
This is often due to 
declaring an index 
using both "index: 
true" and 
"schema.index()". 
Please remove the 
duplicate index 
definition.
(node:7688) [MONGOOSE] 
Warning: Duplicate 
schema index on 
{"order":1} found. This 
is often due to 
declaring an index 
using both "index: 
true" and 
"schema.index()". 
Please remove the 
duplicate index 
definition.
PASS src/__tests__/menu.
routes.test.js
  ÔùÅ Console

    console.info
      ƒîÉ i18next is 
maintained with support 
from Locize ÔÇö 
consider powering your 
project with managed 
localization (AI, CDN, 
integrations): 
https://locize.com ƒÆÖ

      at I18n.init (node
_modules/i18next/dist/es
m/i18next.js:1770:90)

    console.log
      [AUTH] Token 
verified. Payload: {
        userId: '69b2685
8d9aa16f964df89fe',
        username: 
'testadmin',
        role: 'admin',
        iat: 1773299801,
        exp: 1773386201
      }

      at src/middleware/
auth.middleware.js:25:17

    console.log
      [AUTH] No token 
found in cookies or 
headers

      at verifyToken (sr
c/middleware/auth.middle
ware.js:15:17)

    console.log
      [AUTH] Token 
verified. Payload: {
        userId: '69b2685
8d9aa16f964df89fe',
        username: 
'testadmin',
        role: 'admin',
        iat: 1773299801,
        exp: 1773386201
      }

      at src/middleware/
auth.middleware.js:25:17

    console.log
      [AUTH] Token 
verified. Payload: {
        userId: '69b2685
8d9aa16f964df89fe',
        username: 
'testadmin',
        role: 'admin',
        iat: 1773299801,
        exp: 1773386201
      }

      at src/middleware/
auth.middleware.js:25:17

    console.log
      [AUTH] Token 
verified. Payload: {
        userId: '69b2685
8d9aa16f964df89fe',
        username: 
'testadmin',
        role: 'admin',
        iat: 1773299801,
        exp: 1773386201
      }

      at src/middleware/
auth.middleware.js:25:17

(node:7688) [MONGOOSE] 
Warning: Duplicate 
schema index on 
{"sessionId":1} found. 
This is often due to 
declaring an index 
using both "index: 
true" and 
"schema.index()". 
Please remove the 
duplicate index 
definition.
(node:7688) [MONGOOSE] 
Warning: Duplicate 
schema index on 
{"available":1} found. 
This is often due to 
declaring an index 
using both "index: 
true" and 
"schema.index()". 
Please remove the 
duplicate index 
definition.
(node:7688) [MONGOOSE] 
Warning: Duplicate 
schema index on 
{"order":1} found. This 
is often due to 
declaring an index 
using both "index: 
true" and 
"schema.index()". 
Please remove the 
duplicate index 
definition.
PASS src/__tests__/healt
h.test.js
  ÔùÅ Console

    console.info
      ƒîÉ i18next is 
maintained with support 
from Locize ÔÇö 
consider powering your 
project with managed 
localization (AI, CDN, 
integrations): 
https://locize.com ƒÆÖ

      at I18n.init (node
_modules/i18next/dist/es
m/i18next.js:1770:90)

PASS src/__tests__/valid
ation.test.js

Test Suites: 1 failed, 
4 passed, 5 total
Tests:       4 failed, 
51 passed, 55 total
Snapshots:   0 total
Time:        7.751 s
Ran all test suites.
